## /Applications/Trelis-15.0.app/Contents/MacOS/Trelis-15.0
## Trelis Version 15.0.2
## Trelis Build b3fa289
## Revised Tue Jun 3 17:44:32 2014 -0600
## Running 03/01/2017 12:44:50 PM
## Command Options:
cd "/Users/eunseo/projects/Stress_in_Korean_Peninsula_SeokGoo/SimplestModel/model02/mesh"
reset
# ----------------------------------------------------------------------
# Set units to SI.
# ----------------------------------------------------------------------
#{Units('si')}
${domainX=4000*km}
${domainY=3000*km}
${domainZ=400*km}
${domainCenterX=0.5*domainX}
${domainCenterY=0.5*domainY}
${domainCenterZ=-0.5*domainZ}
# Create the domain and move it so that origin will be at the top southwestern corner.
brick x {domainX} y {domainY} z {domainZ}
move volume 1 x {domainCenterX} y {domainCenterY} z {domainCenterZ}
# Cut the domain with a flat Moho at 35 km depth and an LAB at 100 km depth
# create the rupture plane box
#{faultLength=500.0*km}
#{faultWidth =200.0*km}
#{faultHtop =5.37*km}
#{faultDip =12.0}
#{faultStrike=200.0}
#{epicenterX=3000.0*km}
#{epicenterY=1550.0*km}
#{hypocenterDepth=-22.0*km}
#{hypocenterX=190.0*km}
#{hypocenterZ=80.0*km}
#{blockLength=faultLength+0.0}
#{blockWidth =faultWidth*cos(faultDip)+0.0}
#{blockHeight=110*km}
#{faultOriginX=epicenterX+hypocenterZ*cos(faultDip)}
#{faultOriginY=epicenterY+hypocenterX}
#{domain_center_x=faultOriginX - 0.5*blockWidth}
#{domain_center_y=faultOriginY - 0.5*blockLength}
#{domain_center_z=-0.5*blockHeight+10.0*km}
brick x {blockWidth} y {blockLength} z {blockHeight}
create planar surface with plane zplane offset {-22*km}
# Cut crust and lithosphere with the hangingwall
# clean up
imprint all with all
reset
# ----------------------------------------------------------------------
# Set units to SI.
# ----------------------------------------------------------------------
#{Units('si')}
${domainX=4000*km}
${domainY=3000*km}
${domainZ=400*km}
${domainCenterX=0.5*domainX}
${domainCenterY=0.5*domainY}
${domainCenterZ=-0.5*domainZ}
# Create the domain and move it so that origin will be at the top southwestern corner.
brick x {domainX} y {domainY} z {domainZ}
move volume 1 x {domainCenterX} y {domainCenterY} z {domainCenterZ}
# Cut the domain with a flat Moho at 35 km depth and an LAB at 100 km depth
reset
# ----------------------------------------------------------------------
# Set units to SI.
# ----------------------------------------------------------------------
#{Units('si')}
${domainX=4000*km}
${domainY=3000*km}
${domainZ=400*km}
${domainCenterX=0.5*domainX}
${domainCenterY=0.5*domainY}
${domainCenterZ=-0.5*domainZ}
# Create the domain and move it so that origin will be at the top southwestern corner.
brick x {domainX} y {domainY} z {domainZ}
webcut body 1 with plane zplane offset -35000
reset
# ----------------------------------------------------------------------
# Set units to SI.
# ----------------------------------------------------------------------
#{Units('si')}
${domainX=4000*km}
${domainY=3000*km}
${domainZ=400*km}
${domainCenterX=0.5*domainX}
${domainCenterY=0.5*domainY}
${domainCenterZ=-0.5*domainZ}
# Create the domain and move it so that origin will be at the top southwestern corner.
brick x {domainX} y {domainY} z {domainZ}
move volume 1 x {domainCenterX} y {domainCenterY} z {domainCenterZ}
webcut body 1 with plane zplane offset -200000
webcut body 1 with plane zplane offset -100000
webcut body 1 with plane zplane offset -50000
